Response
  { responseDestination =
      "https://herp.loopback.ja-sore.de/auth/page/saml2/login"
  , responseInResponseTo =
      Just
        "1WKzv/yHPExwtkwhgObMyn/GVaTIIZAc+DqEfqe1YuYyjmw4YitoSHGhI/xufWqEHUhrSPtrzzyi5938vebpVg=="
  , responseId = "_b9917f3478ff3f776cb351547379d0bc"
  , responseIssueInstant = 2022-09-20 10:30:41.151 UTC
  , responseVersion = "2.0"
  , responseIssuer =
      "https://accounts.google.com/o/saml2?idpid=C01aa60hc"
  , responseStatusCode =
      MkStatusCode
        { statusCodeValue = Success , statusCodeSubordinate = Nothing }
  , responseSignature =
      Signature
        { signatureInfo =
            SignedInfo
              { signedInfoCanonicalisationMethod = C14N_EXC_1_0
              , signedInfoSignatureMethod = RSA_SHA256
              , signedInfoReference =
                  Reference
                    { referenceURI = "_b9917f3478ff3f776cb351547379d0bc"
                    , referenceDigestMethod = DigestSHA256
                    , referenceDigestValue =
                        "z3YXe+aIiyAYbSGqxRiYPwTO38JNZad2WBgqinjiX8g="
                    }
              }
        , signatureValue =
            "S6IAb+4yYyNVIfnqM7ZIrFSKbzi0RgVqk6qNL0ehzFZhcaArqN/8S0oCDrrc+0B2ygCkpbDKt03/\nvNIxq862VYa1Y39n8w0/eIKc+m3beNS6e+n316o3LCtSTPvgC2kE96Jh44MOUX9z/KIYxXiPGgdi\nnnlxK6L1dZGrMKKBxEFiBJMhFI42gWADyrUz311PDImM+rVhINJT9NyD1i1G++PILLer/BlGwg5n\nwNQHmjt4pV3m+8zMMIrfLjZT/YX8s7+1Xn1Y3bMzo6PnsbvS7OX1YGuN4cPn9f4MLu5Vcn9lWo/r\n+zuZay/pS0mEqTmeOOMGk4BOseiU/hAra5NDgQ=="
        , signatureKeyInfo =
            Just
              KeyInfo
                { keyInfoCertificate =
                    "MIIDdDCCAlygAwIBAgIGAYIgDLo9MA0GCSqGSIb3DQEBCwUAMHsxFDASBgNVBAoTC0dvb2dsZSBJ\nbmMuMRYwFAYDVQQHEw1Nb3VudGFpbiBWaWV3MQ8wDQYDVQQDEwZHb29nbGUxGDAWBgNVBAsTD0dv\nb2dsZSBGb3IgV29yazELMAkGA1UEBhMCVVMxEzARBgNVBAgTCkNhbGlmb3JuaWEwHhcNMjIwNzIx\nMDkxODAwWhcNMjcwNzIwMDkxODAwWjB7MRQwEgYDVQQKEwtHb29nbGUgSW5jLjEWMBQGA1UEBxMN\nTW91bnRhaW4gVmlldzEPMA0GA1UEAxMGR29vZ2xlMRgwFgYDVQQLEw9Hb29nbGUgRm9yIFdvcmsx\nCzAJBgNVBAYTAlVTMRMwEQYDVQQIEwpDYWxpZm9ybmlhMIIBIjANBgkqhkiG9w0BAQEFAAOCAQ8A\nMIIBCgKCAQEA9KQNdYuN7oPUsJ1SK2L58egBELYIWr5cRd9PXuV1k1s2hzt2vMoPS1l788+/hVb4\nCtZCeabZDFYfNMbS2olbhG06FrS9+ptm2pKucXqEp+KM9FozmK/qn7+geQl7uHdcT0xRqfVK46Wr\nRB4S8VdbK9WIK2prCvHIPu1O9eH+m9g+G1Y116RIqKKGfGbsWdhyNY47+LcxXzThgdfi4BPwcB/i\nK/X/i4qNje4FLHrAJQ7S6bRiTXPyv7q9Md96R1T9hXdFA9siW9rmrJCg/H022TrqxwctlIkQjPGj\nyskF3vCcwuIj5M8PuP37k6AuiBZdV73gG8t8SgoMHhElWSLKowIDAQABMA0GCSqGSIb3DQEBCwUA\nA4IBAQDuIthaqITon7u3aZg70NutC54EsQ6NLfWsbwgadOahb5EtGnBkKB7bairnTSAMtH4wLnNj\nBrgxswnxVd5DdrmqpuoY+Pn3hAXYBCFwmAzEEYwmfkZbTVa7AcT6bw6nOqHrfnYump9LhUwxI4dV\n4Yr2YkLL767CeSMLv58GBlFAqxP63HVMa1BJAhZhjamqvSYQCJZYnBG7Nuy2ek6Y5kHQM/8L0h6n\ngx1Jv0nPvPI+9NlWRkUhDN/jQkzxKcYnCNlT/bi3xY+QjFWD4z/Qx2h9hrxZtLRtcrp6WqUmpXha\ndq1JsmSbXwRj4Tu7IVZ4tYqeY/mOJGYf8fr5h/Q8GRCd"
                }
        }
  , responseAssertion =
      Just
        Assertion
          { assertionId = "_e7e8860fa89585efa9c8013a0f8116a2"
          , assertionIssued = 2022-09-20 10:30:41.151 UTC
          , assertionIssuer =
              "https://accounts.google.com/o/saml2?idpid=C01aa60hc"
          , assertionSubject =
              Subject
                { subjectConfirmations =
                    [ SubjectConfirmation
                        { subjectConfirmationMethod = Bearer
                        , subjectConfirmationAddress = ""
                        , subjectConfirmationNotOnOrAfter = 2022-09-20 10:35:41.151 UTC
                        , subjectConfirmationRecipient =
                            "https://herp.loopback.ja-sore.de/auth/page/saml2/login"
                        }
                    ]
                , subjectNameID =
                    NameID
                      { nameIDQualifier = Nothing
                      , nameIDSPNameQualifier = Nothing
                      , nameIDSPProvidedID = Nothing
                      , nameIDFormat = Just EmailAddress
                      , nameIDValue = "sdlc-standard@herp.chat"
                      }
                }
          , assertionConditions =
              Conditions
                { conditionsNotBefore = 2022-09-20 10:25:41.151 UTC
                , conditionsNotOnOrAfter = 2022-09-20 10:35:41.151 UTC
                , conditionsAudienceRestrictions =
                    [ AudienceRestriction
                        { audienceRestrictionAudience = [ "https://v1.herp.cloud/" ] }
                    ]
                }
          , assertionAuthnStatement =
              AuthnStatement
                { authnStatementInstant = 2022-09-20 09:33:25 UTC
                , authnStatementSessionIndex = "_e7e8860fa89585efa9c8013a0f8116a2"
                , authnStatementLocality = ""
                }
          , assertionAttributeStatement = []
          }
  , responseEncryptedAssertion = Nothing
  }